ERROR 13
ERROR 14
ERROR 19
ERROR 20
ERROR 23
ERROR 24
