LINE 14 ACCESS ::level1::level2::testDecl
LINE 15 ACCESS ::level1::level2::level3::testDecl3
LINE 21 ACCESS ::level1::testDecl
LINE 22 ACCESS ::level1::level2::level3::testDecl3
LINE 23 ACCESS ::level1::level2::level3::testDecl3
LINE 26 ACCESS ::level1::level2::level3::testDecl3
LINE 32 ACCESS ::level1::level2::level3::testDecl3
LINE 33 ACCESS ::level1::level2::level3::testDecl3
