LINE 11 ACCESS ::level1::level2::level3::testDecl
LINE 11 ACCESS ::testDecl
LINE 15 ACCESS ::level1::level2::testDecl2
LINE 16 ACCESS ::level1::level2::testDecl
LINE 17 ACCESS ::testDecl
LINE 18 ACCESS ::level1::testDecl
LINE 19 ACCESS ::level1::testDecl
LINE 20 ACCESS ::level1::level2::level3::level4::lEvEl4decl
LINE 24 ACCESS ::level1::level2::testDecl2
LINE 25 ACCESS ::level1::testDecl
LINE 26 ACCESS ::level1::testDecl
LINE 27 ACCESS ::level1::testDecl
LINE 28 ACCESS ::level1::level2::level3::level4::lEvEl4decl
LINE 32 ACCESS ::level1::level2::testDecl2
LINE 33 ACCESS ::testDecl
LINE 34 ACCESS ::level1::testDecl
LINE 35 ACCESS ::level1::testDecl
LINE 36 ACCESS ::level1::level2::level3::level4::lEvEl4decl
LINE 39 ACCESS ::lastDecl
